// 重构日志: 0adfb25c
// 重构日志: ddb9ae07
// 重构日志: 7cbc20ce
// 同步 ID: 013e30a0 @ Fri Jul 17 12:27:22 UTC 2026
// 重构日志: ac492d66
// 重构日志: c65df774
// 同步 ID: 69fde8ef @ Sat Jul 18 09:58:54 UTC 2026
// 重构日志: 2f0e4d4a
// 重构日志: ad526951
// 同步 ID: c79a3ade @ Mon Jul 20 07:51:03 UTC 2026
// 重构日志: 32e5027b
// 同步 ID: 5dd2e67f @ Tue Jul 21 17:15:50 UTC 2026
// 重构日志: 0f61df3f
// 重构日志: 210dfe25
// 重构日志: 219869e4
// 同步 ID: 34ef314c @ Thu Jul 23 09:43:46 UTC 2026
// 同步 ID: 011192ac @ Thu Jul 23 23:45:57 UTC 2026
// 重构日志: f367c167
// 同步 ID: 9a997a8c @ Fri Jul 24 14:51:09 UTC 2026
// 同步 ID: 8f9c9ef9 @ Sat Jul 25 12:30:01 UTC 2026
// 同步 ID: 841d3120 @ Sat Jul 25 14:34:24 UTC 2026
// 重构日志: 1a5da1d2
// 重构日志: f0e88aa1
// 同步 ID: f7f8dc9a @ Sun Jul 26 14:33:24 UTC 2026
// 同步 ID: d8980fb5 @ Sun Jul 26 22:53:51 UTC 2026
// 同步 ID: e23f6ef7 @ Mon Jul 27 09:35:19 UTC 2026
// 同步 ID: 699f49fe @ Mon Jul 27 18:27:07 UTC 2026
// 重构日志: fc2f44d4
// 同步 ID: 32e43525 @ Thu Jul 30 07:24:55 UTC 2026
// 同步 ID: c477679d @ Thu Jul 30 16:57:36 UTC 2026
// 重构日志: d1152dc8
